# serializer version: 1
# name: test_r2_shiftvector_golden
  list([
    dict({
      'basename': 'Cijk_Ailk_Bjlk_S_B_UserArgs_MT128x64x16_SN_LDSB0RFbERVPgGAMvegdL0D1azJRlVATPAUGnvSpnJXk3em0=',
      'err': 0,
    }),
    dict({
      'basename': 'Cijk_Ailk_Bjlk_S_B_UserArgs_MT64x128x16_SN_LDSB0-20GtcEPPzG7g5vviCEUxwSZHwpjFLR2rkAqAK71kXk=',
      'err': 0,
    }),
    dict({
      'basename': 'Cijk_Ailk_Bjlk_S_B_UserArgs_MT64x64x16_SN_LDSB0_BUvmAaM2Rga5CLt7LQxBLeeNqnMvL_Dl6M7CwkGVNxM=',
      'err': 0,
    }),
  ])
# ---
