# serializer version: 1
# name: test_r2_gsu_golden
  list([
    dict({
      'basename': 'Cijk_Alik_Bljk_BBS_BH_Bias_A_S_UserArgs_MT64x16xSBGWOcJlGBK7EaxH2vqX7EgqJpncBnFUMtB3Vj0uDLY=',
      'err': 0,
    }),
    dict({
      'basename': 'Cijk_Alik_Bljk_BBS_BH_Bias_A_S_UserArgs_MT64x16xxZGW64shOKI9J_0n7mVzlZThCyMcfNlUsV62-All9zg=',
      'err': 0,
    }),
  ])
# ---
