# serializer version: 1
# name: test_gfx950_dominant_golden
  list([
    dict({
      'basename': 'Cijk_Alik_Bljk_F8HS_BH_UserArgs_MT64x64x128_MI16E13gUG_7OMG2Dv-w-OT93pnbMaQgthOzBS2eatH-TzM=',
      'err': 0,
    }),
    dict({
      'basename': 'Cijk_Alik_Bljk_F8HS_BH_UserArgs_MT64x64x128_MI32uwyMCa-HJEae3nO2iwtAvfIIZnuK43WPT-Mm-Ao48jw=',
      'err': 0,
    }),
  ])
# ---
