# serializer version: 1
# name: test_r2_mac_hhs_dot2_golden
  list([
    dict({
      'basename': 'Cijk_Alik_Bljk_HHS_BH_UserArgs_MT16x32x16_SN_LDSLZKlVRKDMVN3qpSMBId8jtd5rSetETvIFKKhwE1GCw4=',
      'err': 0,
    }),
    dict({
      'basename': 'Cijk_Alik_Bljk_HHS_BH_UserArgs_MT16x64x16_SN_LDSuN4co0ykSlC3illd-McXwJ5gjOwynhlhMdSjxs9fVVA=',
      'err': 0,
    }),
    dict({
      'basename': 'Cijk_Alik_Bljk_HHS_BH_UserArgs_MT32x32x16_SN_LDSKWaqbDJ59P98A5TRvCGVSWfgyTPwIkvaykZGDIGCRRA=',
      'err': 0,
    }),
    dict({
      'basename': 'Cijk_Alik_Bljk_HHS_BH_UserArgs_MT32x64x16_SN_LDSXYwMkbxc-POCBnzm0YYmw9eab-916AhRyT6zES_H7PQ=',
      'err': 0,
    }),
    dict({
      'basename': 'Cijk_Alik_Bljk_HHS_BH_UserArgs_MT64x32x16_SN_LDSV7Y3O6dEz50wu_-dItvKFfQj0VRYipUBgXOU5bvzUio=',
      'err': 0,
    }),
    dict({
      'basename': 'Cijk_Alik_Bljk_HHS_BH_UserArgs_MT8x64x16_SN_LDSBgR_hUMKZRpACKDaMFX2ALA4aArl_VhtQ5j_345lSdjM=',
      'err': 0,
    }),
  ])
# ---
