# serializer version: 1
# name: test_r2_wgm_gfx942_golden
  list([
    dict({
      'basename': 'Cijk_Alik_Bljk_BBS_BH_Bias_A_S_UserArgs_MT64x16xLpmLxFR3wmAoOWAiIHpQiNPYGA_UKOglwRrW7x90RCk=',
      'err': 0,
    }),
    dict({
      'basename': 'Cijk_Alik_Bljk_BBS_BH_Bias_A_S_UserArgs_MT64x16xrYhNYq99-hi6OrLxSmUkFFrFhKMfNegU-jKu4H_21PI=',
      'err': 0,
    }),
    dict({
      'basename': 'Cijk_Alik_Bljk_BBS_BH_Bias_A_S_UserArgs_MT64x16xsWaFPFintDH4CTJunixpjxe_4EHFRwmhUNi4Ee8fXjU=',
      'err': 0,
    }),
    dict({
      'basename': 'Cijk_Alik_Bljk_BBS_BH_Bias_A_S_UserArgs_MT64x16xt-Ux_e6LAOs8Tbv7DJ1fHTBxHzO2nnsowwH_FSNaSWc=',
      'err': 0,
    }),
    dict({
      'basename': 'Cijk_Alik_Bljk_BBS_BH_Bias_A_S_UserArgs_MT64x16xyIrNRb0CJxIR1I3xRuKbNsaR6V9IlfosCsMFk2CidMk=',
      'err': 0,
    }),
  ])
# ---
