# serializer version: 1
# name: test_gfx1201_emit_digests
  list([
    dict({
      'file': 'B8B8S.yaml',
      'kernels': list([
        dict({
          'basename': 'Cijk_Alik_Bljk_B8B8S_BH_Bias_HA_S_SAV_UserArgs_Mui2QkkM_RSPQiyIj7ycn9b2F4OBcvPX0MYpKVeMgE-w=',
          'err': 0,
        }),
      ]),
    }),
    dict({
      'file': 'BBS.yaml',
      'kernels': list([
        dict({
          'basename': 'Cijk_Alik_Bljk_BBS_BH_Bias_SH_HA_S_SAV_UserArgs_9sPRnkpk-qtNv94T_7HGHEvy06hZyI7wY48c8zfJ6_A=',
          'err': 0,
        }),
      ]),
    }),
    dict({
      'file': 'HHS.yaml',
      'kernels': list([
        dict({
          'basename': 'Cijk_Alik_Bljk_HHS_BH_Bias_HA_S_SAV_UserArgs_MT1N9z7sLrjYpafDNdJksJW9ViQ1t7csIvEdQ-v7oJXb-w=',
          'err': 0,
        }),
      ]),
    }),
    dict({
      'file': 'HSS.yaml',
      'kernels': list([
        dict({
          'basename': 'Cijk_Alik_Bljk_HSS_BH_Bias_HA_S_SAV_UserArgs_MT1N9z7sLrjYpafDNdJksJW9ViQ1t7csIvEdQ-v7oJXb-w=',
          'err': 0,
        }),
      ]),
    }),
  ])
# ---
