# serializer version: 1
# name: test_r4_fp8mx_gfx950_golden
  list([
    dict({
      'basename': 'Cijk_Alik_Bljk_F8SS_MXAE8B32_MXBE8B32_BH_UserArg5MJyVeob6BEeDoaY8FGOt4XXLr3g4YZ-SYEklQaniKY=',
      'err': 0,
    }),
    dict({
      'basename': 'Cijk_Alik_Bljk_F8SS_MXAE8B32_MXBE8B32_BH_UserArgMV1fh9Vxqdgg4YG2w5aDm2h7fSiDnotqH18wPLpCajo=',
      'err': 0,
    }),
    dict({
      'basename': 'Cijk_Alik_Bljk_F8SS_MXAE8B32_MXBE8B32_BH_UserArgg7_WyaZs3HsloYoaFwSPG2ATEYoF1c4srCxSUjxIFhs=',
      'err': 0,
    }),
    dict({
      'basename': 'Cijk_Alik_Bljk_F8SS_MXAE8B32_MXBE8B32_BH_UserArguWUCx-ad7y1bKWFjNMMuEEw9PqDRAgn41sPOiqRIwFo=',
      'err': 0,
    }),
  ])
# ---
