# serializer version: 1
# name: test_r2_solution_gfx942_golden
  list([
    dict({
      'basename': 'Cijk_Alik_Bljk_BBS_BH_Bias_A_S_UserArgs_MT64x16xcjmfLvnpOJ3AopPaRbOJmpHEO-ERaR-_5Ww-bUbHMBs=',
      'err': 0,
    }),
    dict({
      'basename': 'Cijk_Alik_Bljk_BBS_BH_Bias_A_S_UserArgs_MT64x16xfHcvNJJB5jTEi8lMlrMfSLmwI-4rM1wZz5yADdmameg=',
      'err': 0,
    }),
    dict({
      'basename': 'Cijk_Alik_Bljk_BBS_BH_Bias_A_S_UserArgs_MT64x16xmyi40EdA8Epe_Muuc9n20PVmlXYFBKSRvd0uw6htkwQ=',
      'err': 0,
    }),
    dict({
      'basename': 'Cijk_Alik_Bljk_BBS_BH_Bias_A_S_UserArgs_MT64x16xxZGW64shOKI9J_0n7mVzlZThCyMcfNlUsV62-All9zg=',
      'err': 0,
    }),
  ])
# ---
