# serializer version: 1
# name: test_gfx942_gg_golden
  list([
    dict({
      'basename': 'Cijk_Ailk_Bljk_HHS_BH_Bias_GG_HA_S_UserArgs_MT121upWZQrWAwcKStzTGld5Hd0KjgIYuDviYbXfoS0bvZA=',
      'err': 0,
    }),
    dict({
      'basename': 'Cijk_Ailk_Bljk_HHS_BH_Bias_GG_HA_S_UserArgs_MT12F42peq6KaxPcamLgBM3a4FJRxnGIWe6OPdkHdobIMRU=',
      'err': 0,
    }),
    dict({
      'basename': 'Cijk_Ailk_Bljk_HHS_BH_Bias_GG_HA_S_UserArgs_MT12JHADY9brqCD2Hb0jPYn4VsvJeUQg02WqFtOAL8jJDwY=',
      'err': 0,
    }),
    dict({
      'basename': 'Cijk_Ailk_Bljk_HHS_BH_Bias_GG_HA_S_UserArgs_MT12V0gPapuqDS8mvwP6CnpJu2zH7E-azR77ObEyGXVSThw=',
      'err': 0,
    }),
  ])
# ---
