# serializer version: 1
# name: test_gfx942_f8n_golden
  list([
    dict({
      'basename': 'Cijk_Ailk_Bljk_F8NHS_BH_Bias_S_HA_S_SAB_SCD_SAV_0TmQ4RdGye7gR89ZqE06frj508lxnoX165WFJ6eRQEU=',
      'err': 0,
    }),
    dict({
      'basename': 'Cijk_Ailk_Bljk_F8NHS_BH_Bias_S_HA_S_SAB_SCD_SAV_0t-PKKTHImFe4nwhVeD7OmzZ9QrIeR2PUoVfjUB_2uA=',
      'err': 0,
    }),
    dict({
      'basename': 'Cijk_Ailk_Bljk_F8NHS_BH_Bias_S_HA_S_SAB_SCD_SAV_57fbr0ElfHE2e0K5as_s_h5ITVO7AXj6tUGbyHmXM7c=',
      'err': 0,
    }),
    dict({
      'basename': 'Cijk_Ailk_Bljk_F8NHS_BH_Bias_S_HA_S_SAB_SCD_SAV_AXvdvXktgpTmb6KmE0aOX8oR4G-26KyWPclZtnqMRnM=',
      'err': 0,
    }),
    dict({
      'basename': 'Cijk_Ailk_Bljk_F8NHS_BH_Bias_S_HA_S_SAB_SCD_SAV_NM1JodpmS9Tqb_JTFhh1oRpEl7AUdl4rkbTuZPDcPnY=',
      'err': 0,
    }),
    dict({
      'basename': 'Cijk_Ailk_Bljk_F8NHS_BH_Bias_S_HA_S_SAB_SCD_SAV_PJAfGRaHntCfPZ-fkIKNkrlzEgMrtjAVTqrEqDtdfuU=',
      'err': 0,
    }),
    dict({
      'basename': 'Cijk_Ailk_Bljk_F8NHS_BH_Bias_S_HA_S_SAB_SCD_SAV_RKwWqkSwGapJpDIxbH47VYz-8UBDMTAQRVvKu9-nvEo=',
      'err': 0,
    }),
    dict({
      'basename': 'Cijk_Ailk_Bljk_F8NHS_BH_Bias_S_HA_S_SAB_SCD_SAV_ZZRlK0WX9hHQ9dV4AcnbC2aaxMbx8o7wm6i_eH3XRDM=',
      'err': 0,
    }),
  ])
# ---
