# serializer version: 1
# name: test_gfx90a_hhs_golden
  list([
    dict({
      'basename': 'Cijk_Alik_Bljk_HHS_BH_Bias_A_S_UserArgs_MT64x16xYIotmoeKkyZ7nWr1hFIjqLHdAyccj8KG0X3ZkwdNbe4=',
      'err': 0,
    }),
    dict({
      'basename': 'Cijk_Alik_Bljk_HHS_BH_Bias_A_S_UserArgs_MT64x16xzsyKA6u2SMAuXHobtEdBav3baHC_LcO2c1As5kEuLu8=',
      'err': 0,
    }),
  ])
# ---
