# serializer version: 1
# name: test_gfx950_hhs_golden
  list([
    dict({
      'basename': 'Cijk_Alik_Bljk_HHS_BH_Bias_A_S_UserArgs_MT64x16xiV1hsRtKzRhNuhPWUjeKqyuxbYagYodC_jtw55mZYXo=',
      'err': 0,
    }),
    dict({
      'basename': 'Cijk_Alik_Bljk_HHS_BH_Bias_A_S_UserArgs_MT64x16xilfNeS8ZNx_FRfMKNkBgsRo3NSHKWKj0721xYzX9w7g=',
      'err': 0,
    }),
  ])
# ---
