# serializer version: 1
# name: test_gfx90a_dominant_golden
  list([
    dict({
      'basename': 'Cijk_Alik_Bljk_BBS_BH_Bias_HA_S_UserArgs_MT128x3Jz8-wkZhoatxi_dg8P_LshUkjSaLjLmwPNnm2UtDfS0=',
      'err': 0,
    }),
    dict({
      'basename': 'Cijk_Alik_Bljk_BBS_BH_Bias_HA_S_UserArgs_MT64x16Km6vYwzZc_7amxCi7D6fCdWfL4_yV1j5rM-0_wiSoro=',
      'err': 0,
    }),
  ])
# ---
