# serializer version: 1
# name: test_gfx950_dtl_golden
  list([
    dict({
      'basename': 'Cijk_Alik_Bljk_S_B_UserArgs_MT16x16x32_MI16x16x1F9Fbkh5hpc3313sUGT_1fQXBw4Hck9x6GWr-IrSdeFw=',
      'err': 0,
    }),
    dict({
      'basename': 'Cijk_Alik_Bljk_S_B_UserArgs_MT16x16x32_MI16x16x1YSh5W50vQSlitlFIC_evB_4bmgAAyrRuO5e_K5pxZMc=',
      'err': 0,
    }),
    dict({
      'basename': 'Cijk_Alik_Bljk_S_B_UserArgs_MT16x16x32_MI16x16x1n0V1kWr8VWbt18WJB1Kw-pXfQNWWuBCekZsMBJc8hoc=',
      'err': 0,
    }),
    dict({
      'basename': 'Cijk_Alik_Bljk_S_B_UserArgs_MT16x16x32_MI16x16x1rjNQoHwgxpJcGyd_qDIek2MyS-lTg2LRY1oR_QpuR5Y=',
      'err': 0,
    }),
  ])
# ---
