# serializer version: 1
# name: test_gfx950_bbs_golden
  list([
    dict({
      'basename': 'Cijk_Alik_Bljk_BBS_BH_Bias_HA_S_UserArgs_MT64x161lSSRab2O3wRQN50T04H_L0ZUS3PNforxZqsdUtXvAc=',
      'err': 0,
    }),
    dict({
      'basename': 'Cijk_Alik_Bljk_BBS_BH_Bias_HA_S_UserArgs_MT64x16p3Ij7F2HMfLfdjLwVWrcJhqiqRFZi8k3olou34j9fS0=',
      'err': 0,
    }),
  ])
# ---
