# serializer version: 1
# name: test_r2_subtile_gfx950_golden
  list([
    dict({
      'basename': 'Cijk_Alik_Bljk_BBS_BH_UserArgs_MT128x128x64_MI16EQJSH3WDhv4Jj83JJzZ5bDddK1M6ZdZsvDvm-iarGis=',
      'err': 0,
    }),
    dict({
      'basename': 'Cijk_Alik_Bljk_BBS_BH_UserArgs_MT128x128x64_MI16WpWeqXbfTH45GXYA4VPg6PVSSxtWo0xv5axVG_CSfB8=',
      'err': 0,
    }),
    dict({
      'basename': 'Cijk_Alik_Bljk_BBS_BH_UserArgs_MT128x64x64_MI16xA6s5P4hmPPPuYusz5VFI3_CgL5APO8L5GwX8akhUdjM=',
      'err': 0,
    }),
    dict({
      'basename': 'Cijk_Alik_Bljk_BBS_BH_UserArgs_MT128x64x64_MI16xywQ0Cv12r3jqGuBMZSTPdf43pU5xkUhm9fB1Xm6RrIo=',
      'err': 0,
    }),
    dict({
      'basename': 'Cijk_Alik_Bljk_BBS_BH_UserArgs_MT32x32x64_MI16x1JnXqthSuQwSN8ZjYOoShuHgScAIsTfPSWkPt7U05zCo=',
      'err': 0,
    }),
    dict({
      'basename': 'Cijk_Alik_Bljk_BBS_BH_UserArgs_MT32x32x64_MI16x1p1DTdEOzXTzK7-v8d2tMuKTZ-nArTu0hCHskScDjY5Y=',
      'err': 0,
    }),
    dict({
      'basename': 'Cijk_Alik_Bljk_BBS_BH_UserArgs_MT64x128x64_MI16xCAvv8JqJIZMyg_DgP0bNOJb8gGtxYcvnPYSSAs9jcGw=',
      'err': 0,
    }),
    dict({
      'basename': 'Cijk_Alik_Bljk_BBS_BH_UserArgs_MT64x128x64_MI16xzs8lUetWGMT-WbXvym4c71BGjnZ_fSSZtEvS_6m0DL0=',
      'err': 0,
    }),
  ])
# ---
