# serializer version: 1
# name: test_r3_addrstore_gfx942_golden
  list([
    dict({
      'basename': 'Cijk_Alik_Bljk_F8NSS_BH_SABV_SAV_UserArgs_MT128xe8V_DslHS38Z3W4CgglP3T4rPgHtEbzwNbXhxCHy9_M=',
      'err': 0,
    }),
    dict({
      'basename': 'Cijk_Alik_Bljk_F8NSS_BH_SABV_SAV_UserArgs_MT256xb7M3kNM3_JXpAwCkbyADZ7Vvb8Z1ShbCGPiB-MQdpKc=',
      'err': 0,
    }),
  ])
# ---
