# serializer version: 1
# name: test_gfx942_dominant_golden
  list([
    dict({
      'basename': 'Cijk_Alik_Bljk_BBS_BH_Bias_A_S_UserArgs_MT128x329pC-sXR8_xT3Efms66dsOeIreE9Dm_Dm6cPTJJAeNds=',
      'err': 0,
    }),
    dict({
      'basename': 'Cijk_Alik_Bljk_BBS_BH_Bias_A_S_UserArgs_MT128x32a1fkQNJlYMY4DFie5aRflgxw9nFLi0oyHa3XybsFbeg=',
      'err': 0,
    }),
    dict({
      'basename': 'Cijk_Alik_Bljk_BBS_BH_Bias_A_S_UserArgs_MT64x16xHaQ_2rQMKs6mTO8-Q_dQk_rWNA9LoiQcifrirwtEzJA=',
      'err': 0,
    }),
    dict({
      'basename': 'Cijk_Alik_Bljk_BBS_BH_Bias_A_S_UserArgs_MT64x16xxZGW64shOKI9J_0n7mVzlZThCyMcfNlUsV62-All9zg=',
      'err': 0,
    }),
  ])
# ---
