# serializer version: 1
# name: test_r2_store_gfx942_golden
  list([
    dict({
      'basename': 'Cijk_Alik_Bljk_BBS_BH_Bias_SAV_UserArgs_MT64x16x3vAf1VZq1BYGuvDvzFZHpryD3_34QzvRlOUHtNGHOvE=',
      'err': 0,
    }),
    dict({
      'basename': 'Cijk_Alik_Bljk_BBS_BH_Bias_SAV_UserArgs_MT64x16xAKU2x0RofZgNi0uli-joEQUn80FYBQH26CQqW4s9CgM=',
      'err': 0,
    }),
    dict({
      'basename': 'Cijk_Alik_Bljk_BBS_BH_Bias_SAV_UserArgs_MT64x16xUITtYFmfgLfQWrz4hIcPacaW7BYdarWKfdKlSWpPSPQ=',
      'err': 0,
    }),
    dict({
      'basename': 'Cijk_Alik_Bljk_BBS_BH_Bias_SAV_UserArgs_MT64x16xeIXwYD0tCdxmrzg-JQAph9Fwm6hOum3KTcAaCm5ZHhU=',
      'err': 0,
    }),
  ])
# ---
