# serializer version: 1
# name: test_r2_streamk_gfx942_golden
  list([
    dict({
      'basename': 'Cijk_Ailk_Bjlk_S_B_UserArgs_MT128x128x16_MI16x16CAT2YSSJgGXeAFjldaAtoYlCf80aRntVsbnyzDlmHes=',
      'err': 0,
    }),
    dict({
      'basename': 'Cijk_Ailk_Bjlk_S_B_UserArgs_MT128x128x16_MI16x16CAT2YSSJgGXeAFjldaAtoYlCf80aRntVsbnyzDlmHes=',
      'err': 0,
    }),
    dict({
      'basename': 'Cijk_Ailk_Bjlk_S_B_UserArgs_MT128x128x16_MI16x16NGO82zIydTw5k7Q3lXOnBtOsXfwI_-MrgZpJPB9B9Ac=',
      'err': 0,
    }),
    dict({
      'basename': 'Cijk_Ailk_Bjlk_S_B_UserArgs_MT128x128x16_MI16x16Y9RbZdbNu6jMQ0HCSuF3mLe-RCf0C-cr7hX3sGvzMSU=',
      'err': 0,
    }),
  ])
# ---
